**********************
Windows PowerShell transcript start
Start time: 20260106200547
Username: DESKTOP-7F84R7K\achra
RunAs User: DESKTOP-7F84R7K\achra
Configuration Name: 
Machine: DESKTOP-7F84R7K (Microsoft Windows NT 10.0.26100.0)
Host Application: powershell
Process ID: 32092
PSVersion: 5.1.26100.7462
PSEdition: Desktop
PSCompatibleVersions: 1.0, 2.0, 3.0, 4.0, 5.0, 5.1.26100.7462
BuildVersion: 10.0.26100.7462
CLRVersion: 4.0.30319.42000
WSManStackVersion: 3.0
PSRemotingProtocolVersion: 2.3
SerializationVersion: 1.1.0.1
**********************
================================================================================
  MBCAS FORCED CONTENTION TEST (High Saturation)
  Test ID: mbcas-forced_2026-01-06_20-05-47
================================================================================
[INFO] Node Capacity: 20000m
[INFO] Test Demand:   64000m
Saturation Level: 3.2x (Severe Contention)

==> Setting up namespace 'demo-forced'...

==> Deploying 8 MBCAS-managed pods...
[PASS] Pods deployed

==> Waiting for pods to be ready...


==> Monitoring Allocations (3 minutes)...
[INFO] Capturing PodAllocations every 15s...
  [T+0s] Avg Alloc: 403m | Fairness: 0.1241
  [T+15s] Avg Alloc: 403m | Fairness: 0.1241
  [T+30s] Avg Alloc: 403m | Fairness: 0.1241
  [T+45s] Avg Alloc: 403m | Fairness: 0.1241
PS C:\Users\achra\Desktop\Game Theory> TerminatingError(kubectl.exe): "The running command stopped because the preference variable "ErrorActionPreference" or common parameter is set to Stop: Unable to connect to the server: net/http: TLS handshake timeout"
>> TerminatingError(kubectl.exe): "The running command stopped because the preference variable "ErrorActionPreference" or common parameter is set to Stop: Unable to connect to the server: net/http: TLS handshake timeout"
>> TerminatingError(kubectl.exe): "The running command stopped because the preference variable "ErrorActionPreference" or common parameter is set to Stop: Unable to connect to the server: net/http: TLS handshake timeout"
The running command stopped because the preference variable "ErrorActionPreference" or common parameter is set to Stop: Unable to connect to the server: net/http: TLS handshake timeout
kubectl : Unable to connect to the server: net/http: TLS handshake timeout
At C:\Users\achra\Desktop\Game Theory\scripts\test-contention.ps1:116 char:15
+ ...   $paJson = kubectl get podallocations -n $Namespace -o json 2>$null  ...
+                 ~~~~~~~~~~~~~~~~~~~~~~~~~~~~~~~~~~~~~~~~~~~~~~~~~~~~~~~~
    + CategoryInfo          : NotSpecified: (Unable to conne...ndshake timeout:String) [], RemoteException
    + FullyQualifiedErrorId : NativeCommandError

PS C:\Users\achra\Desktop\Game Theory> minikube delete -all

PS C:\Users\achra\Desktop\Game Theory> minikube delete --all

PS C:\Users\achra\Desktop\Game Theory> .\scripts\benchmark-sequential.ps1
================================================================================
  SEQUENTIAL BENCHMARK: MBCAS vs VPA
================================================================================

==> Checking VPA Prerequisites...
WARNING: VPA does not appear to be installed!
Please run: minikube addons enable vertical-pod-autoscaler
            minikube addons enable metrics-server
PS C:\Users\achra\Desktop\Game Theory> .\scripts\build.ps1
================================================================================
  MBCAS Build & Load to Minikube
================================================================================

Configuration:
  Project Root:       C:\Users\achra\Desktop\Game Theory
  Cluster Name:       mbcas
  Tag:                latest


==> Checking prerequisites...
[OK] Minikube: v1.37.0
[OK] Docker: 28.4.0

==> Setting up Minikube cluster 'mbcas'...
Creating new Minikube cluster with InPlacePodVerticalScaling...
Command: minikube start -p mbcas --cpus=4 --memory=4096 --driver=docker --feature-gates=InPlacePodVerticalScaling=true --extra-config=kubelet.feature-gates=InPlacePodVerticalScaling=true --addons=metrics-server

[OK] Cluster created



==> Building Docker images locally...
Building mbcas-agent:latest...

[OK] Built mbcas-agent:latest
Building mbcas-controller:latest...

[OK] Built mbcas-controller:latest

==> Loading images into Minikube...
Loading mbcas-agent:latest...

[OK] Loaded mbcas-agent:latest
Loading mbcas-controller:latest...

[OK] Loaded mbcas-controller:latest

==> Verifying images in Minikube...
Images available in Minikube:
  docker.io/library/mbcas-controller:latest
  docker.io/library/mbcas-agent:latest

================================================================================
  Build Complete!
================================================================================

Images built and loaded into Minikube cluster 'mbcas':
  - mbcas-agent:latest
  - mbcas-controller:latest

Next steps:
  1. Deploy MBCAS:
     .\scripts\deploy.ps1

  2. Or deploy manually:
     kubectl apply -f config/namespace.yaml
     kubectl apply -f config/crd/bases/
     kubectl apply -f config/agent/
     kubectl apply -f config/controller/
PS C:\Users\achra\Desktop\Game Theory> .\scripts\deploy.ps1
================================================================================
  MBCAS Deploy
================================================================================
Using manifests from: C:\Users\achra\Desktop\Game Theory\k8s

==> Creating namespace...

[OK] Namespace created

==> Applying CRD...

[OK] CRD applied

==> Creating service account...

[OK] Service account created

==> Applying RBAC (roles and bindings)...



[OK] RBAC applied

==> Deploying Agent DaemonSet...

[OK] Agent DaemonSet deployed

==> Deploying Controller...

[OK] Controller deployed

==> Applying LimitRange policy (optional)...

[OK] LimitRange policy applied

==> Waiting for components to be ready...
Waiting for Agent DaemonSet...

Waiting for Controller Deployment...


==> Verifying deployment...


================================================================================
  MBCAS Deployed Successfully!
================================================================================

Useful commands:
  kubectl get pods -n mbcas-system
  kubectl logs -n mbcas-system -l app.kubernetes.io/component=agent -f
  kubectl logs -n mbcas-system -l app.kubernetes.io/component=controller -f
  kubectl get podallocations -A

PS C:\Users\achra\Desktop\Game Theory> .\scripts\test-contention.ps1 -PodCount 8 -StressWorkers 8
================================================================================
  MBCAS FORCED CONTENTION TEST (High Saturation)
  Test ID: mbcas-forced_2026-01-06_20-16-42
================================================================================
[INFO] Node Capacity: 20000m
[INFO] Test Demand:   64000m
Saturation Level: 3.2x (Severe Contention)

==> Setting up namespace 'demo-forced'...

==> Deploying 8 MBCAS-managed pods...
[PASS] Pods deployed

==> Waiting for pods to be ready...


==> Monitoring Allocations (3 minutes)...
[INFO] Capturing PodAllocations every 15s...
  [T+0s] Avg Alloc: 746m | Fairness: 0.4004
  [T+15s] Avg Alloc: 640m | Fairness: 0.3432
  [T+30s] Avg Alloc: 542m | Fairness: 0.3505
  [T+45s] Avg Alloc: 542m | Fairness: 0.3505
  [T+60s] Avg Alloc: 502m | Fairness: 0.3541
  [T+75s] Avg Alloc: 498m | Fairness: 0.3511
  [T+90s] Avg Alloc: 480m | Fairness: 0.3538
  [T+105s] Avg Alloc: 502m | Fairness: 0.3639
  [T+120s] Avg Alloc: 533m | Fairness: 0.3582
  [T+135s] Avg Alloc: 625m | Fairness: 0.3403
  [T+150s] Avg Alloc: 562m | Fairness: 0.3418
  [T+165s] Avg Alloc: 562m | Fairness: 0.3418
  [T+180s] Avg Alloc: 502m | Fairness: 0.3426

==> Generating Report...

---------------------------------------------------
  MBCAS (FORCED) RESULTS
---------------------------------------------------
  Contention Ratio:      3.2x
  Jain's Fairness Index: 0.3426
  Total Allocated:       4020m / 20000m
Transcript stopped, output file is C:\Users\achra\Desktop\Game Theory\test-results\mbcas-forced_2026-01-06_20-16-42_log.txt
